// Jest Snapshot v1, https://goo.gl/fbAQLP

exports[`Home renders homepage unchanged 1`] = `
<div>
  <div
    class="c-huPADD"
    data-testid="calendar-container"
  >
    <div
      class="c-jVwFOG"
    >
      <p
        class="c-kQRPbk c-fyeWXm c-kQRPbk-kWyXas-size-md"
      >
        May
         
        <span>
          2023
        </span>
      </p>
      <div
        class="c-lbXbSD"
      >
        <button
          title="Previous month"
        >
          <svg
            fill="currentColor"
            height="1em"
            viewBox="0 0 256 256"
            width="1em"
            xmlns="http://www.w3.org/2000/svg"
          >
            <rect
              fill="none"
              height="256"
              width="256"
            />
            <polyline
              fill="none"
              points="160 208 80 128 160 48"
              stroke="currentColor"
              stroke-linecap="round"
              stroke-linejoin="round"
              stroke-width="16"
            />
          </svg>
        </button>
        <button
          title="Next month"
        >
          <svg
            fill="currentColor"
            height="1em"
            viewBox="0 0 256 256"
            width="1em"
            xmlns="http://www.w3.org/2000/svg"
          >
            <rect
              fill="none"
              height="256"
              width="256"
            />
            <polyline
              fill="none"
              points="96 48 176 128 96 208"
              stroke="currentColor"
              stroke-linecap="round"
              stroke-linejoin="round"
              stroke-width="16"
            />
          </svg>
        </button>
      </div>
    </div>
    <table
      class="c-cpSFgM"
    >
      <thead>
        <tr>
          <th>
            DOM
            .
          </th>
          <th>
            SEG
            .
          </th>
          <th>
            TER
            .
          </th>
          <th>
            QUA
            .
          </th>
          <th>
            QUI
            .
          </th>
          <th>
            SEX
            .
          </th>
          <th>
            S√ÅB
            .
          </th>
        </tr>
      </thead>
      <tbody>
        <tr>
          <td>
            <button
              class="c-bgiKMN"
              disabled=""
            >
              30
            </button>
          </td>
          <td>
            <button
              class="c-bgiKMN"
              disabled=""
            >
              1
            </button>
          </td>
          <td>
            <button
              class="c-bgiKMN"
              disabled=""
            >
              2
            </button>
          </td>
          <td>
            <button
              class="c-bgiKMN"
              disabled=""
            >
              3
            </button>
          </td>
          <td>
            <button
              class="c-bgiKMN"
              disabled=""
            >
              4
            </button>
          </td>
          <td>
            <button
              class="c-bgiKMN"
              disabled=""
            >
              5
            </button>
          </td>
          <td>
            <button
              class="c-bgiKMN"
              disabled=""
            >
              6
            </button>
          </td>
        </tr>
        <tr>
          <td>
            <button
              class="c-bgiKMN"
              disabled=""
            >
              7
            </button>
          </td>
          <td>
            <button
              class="c-bgiKMN"
              disabled=""
            >
              8
            </button>
          </td>
          <td>
            <button
              class="c-bgiKMN"
              disabled=""
            >
              9
            </button>
          </td>
          <td>
            <button
              class="c-bgiKMN"
              disabled=""
            >
              10
            </button>
          </td>
          <td>
            <button
              class="c-bgiKMN"
              disabled=""
            >
              11
            </button>
          </td>
          <td>
            <button
              class="c-bgiKMN"
              disabled=""
            >
              12
            </button>
          </td>
          <td>
            <button
              class="c-bgiKMN"
              disabled=""
            >
              13
            </button>
          </td>
        </tr>
        <tr>
          <td>
            <button
              class="c-bgiKMN"
              disabled=""
            >
              14
            </button>
          </td>
          <td>
            <button
              class="c-bgiKMN"
              disabled=""
            >
              15
            </button>
          </td>
          <td>
            <button
              class="c-bgiKMN"
              disabled=""
            >
              16
            </button>
          </td>
          <td>
            <button
              class="c-bgiKMN"
              disabled=""
            >
              17
            </button>
          </td>
          <td>
            <button
              class="c-bgiKMN"
              disabled=""
            >
              18
            </button>
          </td>
          <td>
            <button
              class="c-bgiKMN"
              disabled=""
            >
              19
            </button>
          </td>
          <td>
            <button
              class="c-bgiKMN"
              disabled=""
            >
              20
            </button>
          </td>
        </tr>
        <tr>
          <td>
            <button
              class="c-bgiKMN"
              disabled=""
            >
              21
            </button>
          </td>
          <td>
            <button
              class="c-bgiKMN"
            >
              22
            </button>
          </td>
          <td>
            <button
              class="c-bgiKMN"
            >
              23
            </button>
          </td>
          <td>
            <button
              class="c-bgiKMN"
              disabled=""
            >
              24
            </button>
          </td>
          <td>
            <button
              class="c-bgiKMN"
              disabled=""
            >
              25
            </button>
          </td>
          <td>
            <button
              class="c-bgiKMN"
              disabled=""
            >
              26
            </button>
          </td>
          <td>
            <button
              class="c-bgiKMN"
              disabled=""
            >
              27
            </button>
          </td>
        </tr>
        <tr>
          <td>
            <button
              class="c-bgiKMN"
              disabled=""
            >
              28
            </button>
          </td>
          <td>
            <button
              class="c-bgiKMN"
            >
              29
            </button>
          </td>
          <td>
            <button
              class="c-bgiKMN"
            >
              30
            </button>
          </td>
          <td>
            <button
              class="c-bgiKMN"
              disabled=""
            >
              31
            </button>
          </td>
          <td>
            <button
              class="c-bgiKMN"
              disabled=""
            >
              1
            </button>
          </td>
          <td>
            <button
              class="c-bgiKMN"
              disabled=""
            >
              2
            </button>
          </td>
          <td>
            <button
              class="c-bgiKMN"
              disabled=""
            >
              3
            </button>
          </td>
        </tr>
      </tbody>
    </table>
  </div>
</div>
`;
